[    0.000000] Initializing cgroup subsys cpuset
[    0.000000] Initializing cgroup subsys cpu
[    0.000000] Initializing cgroup subsys cpuacct
[    0.000000] Linux version 4.4.0-139-generic (buildd@lcy01-amd64-006) (gcc version 5.4.0 20160609 (Ubuntu 5.4.0-6ubuntu1~16.04.10) ) #165-Ubuntu SMP Wed Oct 24 10:58:50 UTC 2018 (Ubuntu 4.4.0-139.165-generic 4.4.160)
[    0.000000] Command line: BOOT_IMAGE=/boot/vmlinuz-4.4.0-139-generic root=UUID=596dd04d-2c69-42c5-8ed8-7a8e48ad11de ro console=tty1 console=ttyS0
[    0.000000] KERNEL supported cpus:
[    0.000000]   Intel GenuineIntel
[    0.000000]   AMD AuthenticAMD
[    0.000000]   Centaur CentaurHauls
[    0.00000] x86/fpu: xstate_offset[2]:  576, xstate_sizes[2]:  256
[    0.000000] x86/fu: Supporting XSAVE featre 0x01: 'x87 floating point registers'
[    0.000000] x86/fpu: Supporting XSAVE feature 0x02: 'SSE registrs'
[    0.000000] x86/pu: Supporting XSAVE feature 0x04: 'AVX registers'
[    0.000000] x86/fpu: Enabled xstate features 0x7, context size s 832 bytes, using 'standard' formt.
[    0.000000] e820: BIOS-provided physical RAM map:
[    0.000000] BIOS-e820: [mem 0x0000000000000000-0x000000000009fbff] usable
[    0.000000] BIOS-e820: [mem 0x000000000009fc00-0x000000000009ffff] eserved
[    0.000000] BIOS-e820: [mem 0x00000000000f0000-0x00000000000fffff] reserved
[    0.000000] BIOS-e820: [mem 0x0000000000100000-0x000000003ffeffff] usable
[    0.00000] BIOS-e820: [mem 0x000000003fff0000-0x000000003fffffff] ACPI data
[    0.000000] BIOS-e820: [mem 0x00000000fec00000-0x00000000fec00fff] reserved
[    0.000000] BIOS-e820: [mem 0x00000000fee00000-0x00000000fee00fff] reserved[     0.00000] BIOS-e820: [mem 0x00000000fffc0000-0x00000000ffffffff] reserved
[    0.000000] NX (Execute Disable) protection: active
[    0.000000] SMBIOS 2.5 prent.
[    0.000000] Hypervisor detected: KVM
[    0.000000] e820: last_pfn = 0x3fff0 max_arch_pfn = 0x400000000
[    0.000000] MTRR: Disabled
[    0.000000] x86/PAT: MTRRs disabled, skipping PAT initialization too.
[    0.000000] CPU MTRRs all blank - virtualized system.
[    0.000000] x86/PAT: Configuration [0-7]: WB  WT  UC- UC  WB  WT  UC- UC  
[    0.000000] found SMP MP-table at [mem 0x0009fff0-0x0009ffff] mapped at [ffff88000009fff0]
[    0.000000] Scanning 1 areas for low memory corruption
[    0.000000] RAMDISK: [mem 0x361ec000-0x370edfff]
[    0.000000] ACPI: Early table checksum verification disabled
[    0.000000] ACPI: RSDP 0x00000000000E0000 000024 (v02 VBOX  )
[    0.000000] ACPI: XSDT 0x000000003FFF0030 00003C (v01 VBOX   VBOXXSDT 00000001 ASL  00000061)
[    0.000000] ACPI: FACP 0x000000003FFF00F0 0000F4 (v04 VBOX   VBOXFACP 00000001 ASL  00000061)
    0.000000] ACPI: DSDT 0x000000003FFF0470 0021FF (v02 VBOX   VBOXBIOS 00000002 ITL 20100528)
[    0.000000] ACPI: FACS 0x000000003FFF0200 000040
[    0.000000] ACPI: FACS 0x000000003FFF0200 000040
[    0.000000] ACPI: APIC 0x000000003FFF0240 00005C (v02 VBOX   VBOXAPIC 00000001 ASL  00000061)
[    0.000000] ACPI: SSDT 0x000000003FFF02A0 0001CC (v01 VBOX   VBOXCPUT 00000002 INTL 20100528)
[    0.000000] No NUMA configuration found
[    0.000000] Faking a node at [mem 0x0000000000000000-0x000000003ffeffff]
[    0.000000] NODE_DATA(0) allocated [mem 0x3ffeb000-0x3ffeffff]
[    0.000000] kvm-clock: Using msrs 4b564d01 and 4b564d00
[    0.000000] kvm-clock: cpu 0, msr 0:3ffe3001, primary cpu clock
[    0.000000] kvm-clock: usig sched offset of 12322293881 cycles
[    0.000000] clocksource: kvm-clock: mask: 0xffffffffffffffff max_cycles: 0x1cd42e4dffb,ax_idle__ns: 881590591483 ns
[    0.000000] Zone ranges:
[    0.000000]   DMA      [mem 0x0000000000001000-0x0000000000ffffff]
[    0.000000]   DMA32    [mem 0x0000000001000000-0x000000003ffeffff]
[    0.000000]   Normal   empty
[    0.000000]   Device   empty
[    0.000000] Movable zone start for each node
[    0.000000] Early memory node ranges
[    0.000000]   node   0: [mem 0x0000000000001000-0x000000000009efff]
[    0.000000]   node   0: [mem 0x0000000000100000-0x000000003ffeffff]
[    0.000000] Initmem setup node 0 [mem 0x0000000000001000-0x000000003ffeffff]
[    0.000000] ACPI: PM-Timer IO Port: 0x4008
[    0.000000] IOAPIC[0]: apic_id 2, version 32, address 0xfec00000, GSI 0-23
[    0.000000] PI: INT_SRC_OVR (bus 0 bus_irq 0 global_irq 2 dfl dfl)
[    0.000000] ACPI INT_SRC_OVR (bus 0 bus_irq 9 global_irq 9 low level)
[    0.000000] Using ACPI (MADT) for SMP configuration information
[    0.000000] smpboot: Allowing 2 CPUs, 0 hotplug CPUs
[    0.000000] PM: Registered nosaave memory: [mem 0x000000-0x00000fff]
[    0.000000] PM: Registered osave memory: [mem 0x0009f000-0x0009ffff]
[    0.000000] PM: Registered nosave memory: [mem 0x000a0000-0x000effff]
[    0.000000] PM: Registered nosave memory: [mem 0x000f0000-0x000fffff]
[    0.000000] e820: [mem 0x40000000-0xfebfffff] available for PCI devices
[    0.000000] Booting paravirttualized kernel on KVM
[  0.000000] clocksource: refied-jiffies: mask: 0xffffffff max_cycles: 0xffffffff, max_idle_ns: 7645519600211568 ns
[    0.000000] setup_percpu: NR_CPUS:512 nr_cpumask_bits:512 nr_cpu_ids:2 nr_node_ids:1
[    0.000000] PERCPU: Embedded 34 pages/cpu @ffff88003fc00000 s99608 r8192 d31464 u1048576
[    0.000000] PV qspinlock hash table entries: 256 (order: 0, 4096 bytes)
[    0.000000] Built 1 zonelists in Node order, mobility grouping on.  Total pages: 257912
[    0.000000] Policy zone: DMA32
[    0.000000] Kernel command line: BOOT_IMAGE=/bootvmlinuz-4.4.0-139-generic root=UUID=596dd04d-2c69-42c5-8ed8-7a848ad11de ro console=tty1 console=ttyS0
[    0.000000] PID hash table entries: 4096 (order: 3, 32768 bytes)
[    0.000000] Memory: 997136K/1048120K available (8564K kernel code, 1314K rwdata, 4004K rodata, 1528K init, 1316K bss, 50984K reserved, 0 cma-reserved)
[    0.000000] SLUB: HWalign=64, Order=0-3, MinObjects=0, CPUs=2, Nodes=1
[    0.000000] Kernel/User page tables isolation: enabled
[   0.000000] Hierarchical RCU implementation.
[    0.000000] 	Build-time adjustment of leaf fanout to 64.
[    0.000000] 	RCU restricting CPUs from NR_CPUS=512 to nr_cpu_ids=2.
[    0.000000] RCU: Adjusting geometry for rcu_fanout_leaf=64, nr_cpu_ids=2
[    0.000000] NR_IRQS:33024 nr_irqs:440 16
[    0.000000] Console: colour VGA+ 80x25
[    0.000000] console [tty1] enabled
[    0.000000] console [ttyS0] enabled
[    0.000000] tsc: Detected 2793.658 MHz processor
[    1.414667] Calibrating delay loop (skipped) preset value.. 5587.31 BogoMIPS (lpj=11174632)
[    1.416929] pid_max: default: 32768 minimum: 301
[    1.419359] ACPI: Core revision 20150930
[    1.436082] ACPI: 2 ACPI AML tables successfully acquired and loaded
[    1.438215] Security Framework initialized
[    1.449209] Yama: becoming mindful.
[    1.452036] AppArmor: AppArmor initialized
[    1.453507] Dentry cache hash table entries: 131072 (order: 8, 1048576 bytes)
[    1.513417] Inode-cache hash table entries: 65536 (order: 7, 524288 bytes)
[    1.522764] Mount-cache hash table entries: 2048 (order: 2, 16384 bytes)
[    1.524414] Mountpoint-cache hash table entries: 2048 (order: 2, 16384 bytes)
[    1.526159] Initializing cgroup subsys io
[    1.527540] Initializing cgroup subsys memory
[    1.535396] Initializing cgroup subsys devices
[    1.536975] Initializing cgroup subsys freezer
[    1.538238] Initializing cgroup subsys net_cls
[    1.552970] Initializing cgroup subsys perf_event
[    1.554332] Initializing cgroup subsys net_prio
[    1.555408] Initializing cgroup subsys hugetlb
[    1.563551] Initializing cgroup subsys pids
[    1.564803] mce: CPU supports 0 MCE banks
[    1.565927] Last level iTLB entries: 4KB 512, 2MB 8, 4MB 8
[    1.574171] Last level dTLB entries: 4KB 512, 2MB 32, 4MB 32, 1GB 0
[    1.576186] Spectre V2 : Mitigation: Full generic retpoline
[    1.584505] Spectre V2 : Spectre v2 mitigation: Speculation control IBPB not-supported IBRS not-supported
[    1.597633] Spectre V2 : Spectre v2 / SpectreRSB mitigation: Filling RSB on context switch
[    1.603959] Speculative Store Bypass: Vulnerable
[    1.631355] Freeing SMP alternatives memory: 32K
[    1.658857] ftrace: allocating 32278 entries in 127 pages
[    1.856577] smpboot: APIC(0) Converting physical 0 to logical package 0
[    1.858110] smpboot: Max logical packages: 1
[    1.859558] x2apic enabled
[    1.860600] Switched APIC routing to physical x2apic.
[    1.863505] ..TIMER: vector=0x30 apic1=0 pin1=2 apic2=-1 pin2=-1
[    1.998851] APIC calibration not consistent with PM-Timer: 124ms instead of 100ms
[    2.001497] APIC delta adjusted to PM-Timer: 6246101 (7769701)
[    2.016714] smpboot: CPU0: Intel(R) Core(TM) i5-2300 CPU @ 2.80GHz (family: 0x6, model: 0x2a, stepping: 0x7)
[    2.046503] Performance Events: unsupported p6 CPU model 42 no PMU driver, software events only.
[    2.058012] KVM setup paravirtual spinlock
[    2.059993] x86: Booting SMP configuration:
[    2.061141] .... node  #0, CPUs:      #1
[    2.062306] kvm-clock: cpu 1, msr 0:3ffe3041, secondary cpu clock
[    2.065504] mce: CPU supports 0 MCE banks
[    2.076159] x86: Booted up 1 node, 2 CPUs
[    2.079354] smpboot: Total of 2 processors activated (11174.63 BogoMIPS)
[    2.084668] devtmpfs: initialized
[    2.094152] evm: security.selinux
[    2.095187] evm: security.SMACK64
[    2.104751] evm: security.SMACK64EXEC
[    2.106437] evm: security.SMACK64TRANSMUTE
[    2.107541] evm: security.SMACK64MMAP
[    2.108842] evm: security.ima
[    2.109763] evm: security.capability
[    2.117904] clocksource: jiffies: mask: 0xffffffff max_cycles: 0xffffffff, max_idle_ns: 7645041785100000 ns
[    2.120165] futex hash table entries: 512 (order: 3, 32768 bytes)
[    2.128684] pinctrl core: initialized pinctrl subsystem
[    2.145959] RTC time: 20:49:38, date: 11/23/18
[    2.147366] NET: Registered protocol family 16
[    2.162488] cpuidle: using governor ladder
[    2.182849] cpuidle: using governor menu
[    2.191655] PCCT header not found.
[    2.193253] ACPI: bus type PCI registered
[    2.194837] acpiphp: ACPI Hot Plug PCI Controller Driver version: 0.5
[    2.229763] PCI: Using configuration type 1 for base access
[    2.253170] ACPI: Added _OSI(Module Device)
[    2.256329] ACPI: Added _OSI(Processor Device)
[    2.257453] ACPI: Added _OSI(3.0 _SCP Extensions)
[    2.258583] ACPI: Added _OSI(Processor Aggregator Device)
[    2.260857] ACPI: Executed 1 blocks of module-level executable AML code
[    2.271416] ACPI: Interpreter enabled
[    2.280283] ACPI: (supports S0 S5)
[    2.287298] ACPI: Using IOAPIC for interrupt routing
[    2.288766] PCI: Using host bridge windows from ACPI; if necessary, use "pci=nocrs" and report a bug
[    2.303292] ACPI: PCI Root Bridge [PCI0] (domain 0000 [bus 00-ff])
[    2.318081] acpi PNP0A03:00: _OSC: OS supports [ASPM ClockPM Segments MSI]
[    2.324306] acpi PNP0A03:00: _OSC: not requesting OS control; OS requires [ExtendedConfig ASPM ClockPM MSI]
[    2.327708] acpi PNP0A03:00: fail to add MMCONFIG information, can't access extended PCI configuration space under this bridge.
[    2.361311] PCI host bridge to bus 0000:00
[    2.362341] pci_bus 0000:00: root bus resource [io  0x0000-0x0cf7 window]
[    2.364316] pci_bus 0000:00: root bus resource [io  0x0d00-0xffff window]
[    2.379113] pci_bus 0000:00: root bus resource [mem 0x000a0000-0x000bffff window]
[    2.409408] pci_bus 0000:00: root bus resource [mem 0x40000000-0xfdffffff window]
[    2.422839] pci_bus 0000:00: root bus resource [bus 00-ff]
[    2.442856] pci 0000:00:01.1: legacy IDE quirk: reg 0x10: [io  0x01f0-0x01f7]
[    2.473727] pci 0000:00:01.1: legacy IDE quirk: reg 0x14: [io  0x03f6]
[    2.495826] pci 0000:00:01.1: legacy IDE quirk: reg 0x18: [io  0x0170-0x0177]
[    2.522823] pci 0000:00:01.1: legacy IDE quirk: reg 0x1c: [io  0x0376]
[    2.589330] pci 0000:00:07.0: quirk: [io  0x4000-0x403f] claimed by PIIX4 ACPI
[    2.598037] pci 0000:00:07.0: quirk: [io  0x4100-0x410f] claimed by PIIX4 SMB
[    2.630087] ACPI: PCI Interrupt Link [LNKA] (IRQs 5 9 10 *11)
[    2.632864] ACPI: PCI Interrupt Link [LNKB] (IRQs 5 9 *10 11)
[    2.642656] ACPI: PCI Interrupt Link [LNKC] (IRQs 5 *9 10 11)
[    2.644620] ACPI: PCI Interrupt Link [LNKD] (IRQs 5 9 10 *11)
[    2.646521] ACPI: Enabled 2 GPEs in block 00 to 07
[    2.654739] vgaarb: setting as boot device: PCI:0000:00:02.0
[    2.656134] vgaarb: device added: PCI:0000:00:02.0,decodes=io+mem,owns=io+mem,locks=none
[    2.658506] vgaarb: loaded
[    2.668581] vgaarb: bridge control possible 0000:00:02.0
[    2.674041] SCSI subsystem initialized
[    2.681653] ACPI: bus type USB registered
[    2.689186] usbcore: registered new interface driver usbfs
[    2.693460] usbcore: registered new interface driver hub
[    2.697386] usbcore: registered new device driver usb
[    2.753287] PCI: Using ACPI for IRQ routing
[    2.755342] NetLabel: Initializing
[    2.756425] NetLabel:  domain hash size = 128
[    2.757713] NetLabel:  protocols = UNLABELED CIPSOv4
[    2.760951] NetLabel:  unlabeled traffic allowed by default
[    2.762284] amd_nb: Cannot enumerate AMD northbridges
[    2.763549] clocksource: Switched to clocksource kvm-clock
[    2.864764] AppArmor: AppArmor Filesystem Enabled
[    2.878928] pnp: PnP ACPI init
[    2.881044] pnp: PnP ACPI: found 3 devices
[    2.890932] clocksource: acpi_pm: mask: 0xffffff max_cycles: 0xffffff, max_idle_ns: 2085701024 ns
[    2.899479] NET: Registered protocol family 2
[    2.900766] TCP established hash table entries: 8192 (order: 4, 65536 bytes)
[    2.910069] TCP bind hash table entries: 8192 (order: 5, 131072 bytes)
[    2.913223] TCP: Hash tables configured (established 8192 bind 8192)
[    2.916030] UDP hash table entries: 512 (order: 2, 16384 bytes)
[    2.919478] UDP-Lite hash table entries: 512 (order: 2, 16384 bytes)
[    2.934226] NET: Registered protocol family 1
[    2.943351] pci 0000:00:00.0: Limiting direct PCI/PCI transfers
[    2.944768] pci 0000:00:01.0: Activating ISA DMA hang workarounds
[    2.948380] Unpacking initramfs...
[    4.514373] Freeing initrd memory: 15368K
[    4.515486] RAPL PMU detected, I unit is 2^-32 Joules, 3 fixed counters 10737418240 ms ovfl timer
[    4.581395] hw unit of domainpp0-core 2^-0 Joules
[    4.632190] hw unit of domain package 2^-0 Joules
[    4.633816] hw unit of domain pp1-gpu 2^-0 Joules
[    4.635077] platform rtc_cmos: registered platform RTC device (no PNP device found)
[    4.645476] Scanning for low memory corruption every 60 seconds
[    4.656047] audit: initializing netlink subsys (disabled)
[    4.657440] audit: type=2000 audit(1543006193.312:1): initialized
[    4.659211] Initialise system trusted keyring
[    4.661321] HugeTLB registered 2 MB page size, pre-allocated 0 pages
[    4.664184] zbud: loaded
[    4.665393] VFS: Disk quotas dquot_6.6.0
[    4.668690] VFS: Dquot-cache hash table entries: 512 (order 0, 4096 bytes)
[    4.685287] squashfs: version 4.0 (2009/01/31) Phillip Lougher
[    4.689013] fuse init (API version 7.23)
[    4.691410] Key type big_key registered
[    4.698885] Allocating IMA MOK and blacklist keyrings.
[    4.710827] Key type asymmetric registered
[    4.712014] Asymmetric key parser 'x509' registered
[    4.726468] Block layer SCSI generic (bsg) driver version 0.4 loaded (major 249)
[    4.746728] io scheduler noop registered
[    4.747782] io scheduler deadline registered (default)
[    4.749071] io scheduler cfq registered
[    4.750199] pci_hotplug: PCI Hot Plug PCI Core version: 0.5
[    4.778133] pciehp: PCI Express Hot Plug Controller Driver version: 0.4
[    4.780418] ACPI: AC Adapter [AC] (on-line)
[    4.781996] input: Power Button as /devices/LNXSYSTM:00/LNXPWRBN:00/input/input0
[    4.784360] ACPI: Power Button [PWRF]
[    4.785625] input: Sleep Button as /devices/LNXSYSTM:00/LNXSLPBN:00/input/input1
[    4.795775] ACPI: Sleep Button [SLPF]
[    4.811211] GHES: HEST is not enabled!
[    4.827555] Serial: 8250/16550 driver, 32 ports, IRQ sharing enabled
[    4.854925] 00:02: ttyS0 at I/O 0x3f8 (irq = 4, base_baud = 115200) is a 16550A
[    4.867471] Linux agpgart interface v0.103
[    4.912539] loop: module loaded
[    4.923310] scsi host0: ata_piix
[    4.944703] scsi host1: ata_piix
[    4.956668] ata1: PATA max UDMA/33 cmd 0x1f0 ctl 0x3f6 bmdma 0xd000 irq 14
[    4.965416] ata2: PATA max UDMA/33 cmd 0x170 ctl 0x376 bmdma 0xd008 irq 15
[    4.967193] libphy: Fixed MDIO Bus: probed
[    4.970428] tun: Universal TUN/TAP device driver, 1.6
[    4.973854] tun: (C) 1999-2004 Max Krasnyansky <maxk@qualcomm.com>
[    4.981890] PPP generic driver version 2.4.2
[    4.983614] ehci_hcd: USB 2.0 'Enhanced' Host Controller (EHCI) Driver
[    4.994415] ehci-pci: EHCI PCI platform driver
[    5.002911] ehci-platform: EHCI generic platform driver
[    5.010050] ohci_hcd: USB 1.1 'Open' Host Controller (OHCI) Driver
[    5.011635] ohci-pci: OHCI PCI platform driver
[    5.016043] ohci-platform: OHCI generic platform driver
[    5.030373] uhci_hcd: USB Universal Host Controller Interface driver
[    5.033631] i8042: PNP: PS/2 Controller [PNP0303:PS2K,PNP0f03:PS2M] at 0x60,0x64 irq 1,12
[    5.045245] serio: i8042 KBD port at 0x60,0x64 irq 1
[    5.052613] serio: i8042 AUX port at 0x60,0x64 irq 12
[    5.054157] mousedev: PS/2 mouse device common for all mice
[    5.063784] input: AT Translated Set 2 keyboard as /devices/platform/i8042/serio0/input/input2
[    5.081762] rtc_cmos rtc_cmos: rtc core: registered rtc_cmos as rtc0
[    5.090617] rtc_cmos rtc_cmos: alarms up to one day, 114 bytes nvram
[    5.101437] i2c /dev entries driver
[    5.108211] device-mapper: uevent: version 1.0.3
[    5.131145] device-mapper: ioctl: 4.34.0-ioctl (2015-10-28) initialised: dm-devel@redhat.com
[    5.155982] ledtrig-cpu: registered to indicate activity on CPUs
[    5.160220] NET: Registered protocol family 10
[    5.161522] NET: Registered protocol family 17
[    5.162604] Key type dns_resolver registered
[    5.164350] registered taskstats version 1
[    5.166172] Loading compiled-in X.509 certificates
[    5.168748] Loaded X.509 cert 'Build time autogenerated kernel key: a88b0f663ecfd40e6a501dee2f0b211d51902e35'
[    5.177972] zswap: loaded using pool lzo/zbud
[    5.182336] Key type trusted registered
[    5.206064] Key type encrypted registered
[    5.208614] AppArmor: AppArmor sha1 policy hashing enabled
[    5.211469] ima: No TPM chip found, activating TPM-bypass!
[    5.220553] ima: Allocated hash algorithm: sha1
[    5.228876] evm: HMAC attrs: 0x1
[    5.260954]   Magic number: 10:669:852
[    5.262533] rtc_cmos rtc_cmos: setting system clock to 2018-11-23 20:49:41 UTC (1543006181)
[    5.276875] BIOS EDD facility v0.16 2004-Jun-25, 0 devices found
[    5.305288] EDD information not available.
[    5.309096] Freeing unused kernel memory: 1528K
[    5.335590] Write protecting the kernel read-only data: 14336k
[    5.346886] Freeing unused kernel memory: 1664K
[    5.366226] Freeing unused kernel memory: 92K
Loading, please wait...
starting version[    5.413050] random: systemd-udevd: uninitialized urandom read (16 bytes read, 3 bits of entropy available)
 229
[    5.413447] random: udevadm: uninitialized urandom read (16 bytes read, 3 bits of entropy available)
[    5.413562] random: udevadm: uninitialized urandom read (16 bytes read, 3 bits of entropy available)
[    5.429796] random: udevadm: uninitialized urandom read (16 bytes read, 3 bits of entropy available)
[    5.429853] random: udevadm: uninitialized urandom read (16 bytes read, 3 bits of entropy available)
[    5.430196] random: udevadm: uninitialized urandom read (16 bytes read, 3 bits of entropy available)
[    5.430271] random: udevadm: uninitialized urandom read (16 bytes read, 3 bits of entropy available)
[    5.430343] random: udevadm: uninitialized urandom read (16 bytes read, 3 bits of entropy available)
[    5.430416] random: udevadm: uninitialized urandom read (16 bytes read, 3 bits of entropy available)
[    5.430487] random: udevadm: uninitialized urandom read (16 bytes read, 3 bits of entropy available)
[    5.632419] tsc: Refined TSC clocksource calibration: 2794.092 MHz
[    5.652495] clocksource: tsc: mask: 0xffffffffffffffff max_cycles: 0x284673e5e30, max_idle_ns: 440795279408 ns
[    5.687930] Fusion MPT base driver 3.04.20
[    5.699597] Copyright (c) 1999-2008 LSI Corporation
[    5.769349] AVX version of gcm_enc/dec engaged.
[    5.770868] AES CTR mode by8 optimization enabled
[    5.774282] Fusion MPT SPI Host driver 3.04.20
[    5.783079] mptbase: ioc0: Initiating bringup
[    5.784921] e1000: Intel(R) PRO/1000 Network Driver - version 7.3.21-k8-NAPI
[    5.801592] e1000: Copyright (c) 1999-2006 Intel Corporation.
[    5.859167] ioc0: LSI53C1030 A0: Capabilities={Initiator}
[    5.994541] input: ImExPS/2 Generic Explorer Mouse as /devices/platform/i8042/serio1/input/input4
[    6.161458] scsi host2: ioc0: LSI53C1030 A0, FwRev=00000000h, Ports=1, MaxQ=256, IRQ=20
[    6.289727] scsi 2:0:0:0: Direct-Access     VBOX     HARDDISK         1.0  PQ: 0 ANSI: 5
[    6.298231] scsi target2:0:0: Beginning Domain Validation
[    6.300799] scsi target2:0:0: Domain Validation skipping write tests
[    6.302424] scsi target2:0:0: Ending Domain Validation
[    6.303745] scsi target2:0:0: asynchronous
[    6.382195] scsi 2:0:1:0: Direct-Access     VBOX     HARDDISK         1.0  PQ: 0 ANSI: 5
[    6.399884] scsi target2:0:1: Beginning Domain Validation
[    6.420245] scsi target2:0:1: Domain Validation skipping write tests
[    6.452909] scsi target2:0:1: Ending Domain Validation
[    6.456625] scsi target2:0:1: asynchronous
[    6.488662] sd 2:0:0:0: Attached scsi generic sg0 type 0
[    6.497380] sd 2:0:1:0: Attached scsi generic sg1 type 0
[    6.498084] sd 2:0:0:0: [sda] 20971520 512-byte logical blocks: (10.7 GB/10.0 GiB)
[    6.498268] sd 2:0:1:0: [sdb] 20480 512-byte logical blocks: (10.5 MB/10.0 MiB)
[    6.498386] sd 2:0:0:0: [sda] Write Protect is off
[    6.498468] sd 2:0:0:0: [sda] Incomplete mode parameter data
[    6.498470] sd 2:0:0:0: [sda] Assuming drive cache: write through
[    6.498481] sd 2:0:1:0: [sdb] Write Protect is off
[    6.498613] sd 2:0:1:0: [sdb] Incomplete mode parameter data
[    6.498614] sd 2:0:1:0: [sdb] Assuming drive cache: write through
[    6.659839]  sda: sda1
[    6.667703] sd 2:0:0:0: [sda] Attached SCSI disk
[    6.669177] sd 2:0:1:0: [sdb] Attached SCSI disk
[    6.962373] e1000 0000:00:03.0 eth0: (PCI:33MHz:32-bit) 02:46:93:03:7f:ca
[    6.971285] e1000 0000:00:03.0 eth0: Intel(R) PRO/1000 Network Connection
[    6.983301] e1000 0000:00:03.0 enp0s3: renamed from eth0
Begin: Loading essential drivers ... [    8.426408] md: linear personality registered for level -1
[    8.436865] md: multipath personality registered for level -4
[    8.449576] md: raid0 personality registered for level 0
[    8.461169] md: raid1 personality registered for level 1
[    8.535582] raid6: sse2x1   gen()  6039 MB/s
[    8.604095] raid6: sse2x1   xor()  4347 MB/s
[    8.672417] raid6: sse2x2   gen()  8347 MB/s
[    8.739772] raid6: sse2x2   xor()  5666 MB/s
[    8.808305] raid6: sse2x4   gen() 10035 MB/s
[    8.883564] raid6: sse2x4   xor()  6910 MB/s
[    8.884704] raid6: using algorithm sse2x4 gen() 10035 MB/s
[    8.893993] raid6: .... xor() 6910 MB/s, rmw enabled
[    8.902207] raid6: using ssse3x2 recovery algorithm
[    8.911837] xor: automatically using best checksumming function:
[    8.952078]    avx       : 18026.000 MB/sec
[    8.955334] async_tx: api initialized (async)
[    8.973630] md: raid6 personality registered for level 6
[    8.981075] md: raid5 personality registered for level 5
[    8.982611] md: raid4 personality registered for level 4
[    8.992251] md: raid10 personality registered for level 10
done.
Begin: Running /scripts/init-premount ... done.
Begin: Mounting root file system ... Begin: Running /scripts/local-top ... done.
Begin: Running /scripts/local-premount ... [    9.048682] Btrfs loaded
Scanning for Btrfs filesystems
done.
Warning: fsck not present, so skipping root file system
[    9.099512] EXT4-fs (sda1): INFO: recovery required on readonly filesystem
[    9.102689] EXT4-fs (sda1): write access will be enabled during recovery
[    9.515147] EXT4-fs (sda1): orphan cleanup on readonly fs
[    9.547049] EXT4-fs (sda1): 4 orphan inodes deleted
[    9.550257] EXT4-fs (sda1): recovery complete
[    9.564548] EXT4-fs (sda1): mounted filesystem with ordered data mode. Opts: (null)
done.
Begin: Running /scripts/local-bottom ... done.
Begin: Running /scripts/init-bottom ... done.
[    9.804667] systemd[1]: systemd 229 running in system mode. (+PAM +AUDIT +SELINUX +IMA +APPARMOR +SMACK +SYSVINIT +UTMP +LIBCRYPTSETUP +GCRYPT +GNUTLS +ACL +XZ -LZ4 +SECCOMP +BLKID +ELFUTILS +KMOD -IDN)
[    9.811613] systemd[1]: Detected virtualization oracle.
[    9.821092] systemd[1]: Detected architecture x86-64.

Welcome to [1mUbuntu 16.04.5 LTS[0m!

[    9.866921] systemd[1]: Set hostname to <ubuntu-xenial>.
[   10.154070] systemd[1]: Reached target User and Group Name Lookups.
[[0;32m  OK  [0m] Reached target User and Group Name Lookups.
[   10.157280] systemd[1]: Listening on /dev/initctl Compatibility Named Pipe.
[[0;32m  OK  [0m] Listening on /dev/initctl Compatibility Named Pipe.
[   10.167391] systemd[1]: Listening on Journal Socket (/dev/log).
[[0;32m  OK  [0m] Listening on Journal Socket (/dev/log).
[   10.184116] systemd[1]: Listening on Device-mapper event daemon FIFOs.
[[0;32m  OK  [0m] Listening on Device-mapper event daemon FIFOs.
[   10.257392] systemd[1]: Listening on LVM2 poll daemon socket.
[[0;32m  OK  [0m] Listening on LVM2 poll daemon socket.
[   10.296484] systemd[1]: Listening on Journal Socket.
[[0;32m  OK  [0m] Listening on Journal Socket.
[   10.323582] systemd[1]: Created slice User and Session Slice.
[[0;32m  OK  [0m] Created slice User and Session Slice.
[   10.327118] systemd[1]: Listening on Journal Audit Socket.
[[0;32m  OK  [0m] Listening on Journal Audit Socket.
[   10.331633] systemd[1]: Set up automount Arbitrary Executable File Formats File System Automount Point.
[[0;32m  OK  [0m] Set up automount Arbitrary Executab...ats File System Automount Point.
[   10.364820] systemd[1]: Listening on Syslog Socket.
[[0;32m  OK  [0m] Listening on Syslog Socket.
[   10.381890] systemd[1]: Reached target Encrypted Volumes.
[[0;32m  OK  [0m] Reached target Encrypted Volumes.
[   10.423401] systemd[1]: Listening on LVM2 metadata daemon socket.
[[0;32m  OK  [0m] Listening on LVM2 metadata daemon socket.
[   10.490259] systemd[1]: Started Trigger resolvconf update for networkd DNS.
[[0;32m  OK  [0m] Started Trigger resolvconf update for networkd DNS.
[   10.495829] systemd[1]: Started Forward Password Requests to Wall Directory Watch.
[[0;32m  OK  [0m] Started Forward Password Requests to Wall Directory Watch.
[   10.536794] systemd[1]: Created slice System Slice.
[[0;32m  OK  [0m] Created slice System Slice.
[   10.572201] random: nonblocking pool is initialized
[   10.584136] systemd[1]: Mounting Debug File System...
         Mounting Debug File System...
[   10.591495] systemd[1]: Starting Monitoring of LVM2 mirrors, snapshots etc. using dmeventd or progress polling...
         Starting Monitoring of LVM2 mirrors... dmeventd or progress polling...
[   10.756172] systemd[1]: Starting Remount Root and Kernel File Systems...
         Startin[   10.763395] EXT4-fs (sda1): re-mounted. Opts: (null)
g Remount Root and Kernel File Systems...
[   10.824347] systemd[1]: Starting Uncomplicated firewall...
         Starting Uncomplicated firewall...
[   10.833893] systemd[1]: Starting Load Kernel Modules...
         Starting Load Kernel Modules...
[   10.842244] systemd[1]: Starting Create list of required static device nodes for the current kernel...
[   10.926965] Loading iSCSI transport class v2.0-870.
         Startin[   10.979016] iscsi: registered transport (tcp)
g Create list of required st... nodes for the current kernel...
[   11.039880] systemd[1]: Mounting Huge Pages File System...
         Mounting Huge Pages File System...
[   11.072459] systemd[1]: Created slice system-serial\x2dgetty.slice.
[[0;32m  OK  [0m] Created slice system-serial\x2dgetty.slice.
[   11.097957] iscsi: registered transport (iser)
[   11.108365] systemd[1]: Mounting POSIX Message Queue File System...
         Mounting POSIX Message Queue File System...
[   11.123008] systemd[1]: Starting Set console keymap...
         Starting Set console keymap...
[   11.211917] systemd[1]: Starting Journal Service...
         Starting Journal Service...
[   11.311075] systemd[1]: Listening on udev Control Socket.
[[0;32m  OK  [0m] Listening on udev Control Socket.
[   11.335973] systemd[1]: Reached target Slices.
[[0;32m  OK  [0m] Reached target Slices.
[   11.371986] systemd[1]: Starting Nameserver information manager...
         Starting Nameserver information manager...
[   11.415997] systemd[1]: Reached target System Time Synchronized.
[[0;32m  OK  [0m] Reached target System Time Synchronized.
[   11.419539] systemd[1]: Reached target Swap.
[[0;32m  OK  [0m] Reached target Swap.
[   11.431960] systemd[1]: Listening on udev Kernel Socket.
[[0;32m  OK  [0m] Listening on udev Kernel Socket.
[   11.481534] systemd[1]: Mounted Debug File System.
[[0;32m  OK  [0m] Mounted Debug File System.
[   11.484855] systemd[1]: Mounted Huge Pages File System.
[[0;32m  OK  [0m] Mounted Huge Pages File System.
[   11.488336] systemd[1]: Mounted POSIX Message Queue File System.
[[0;32m  OK  [0m] Mounted POSIX Message Queue File System.
[   11.520782] systemd[1]: Started Journal Service.
[[0;32m  OK  [0m] Started Journal Service.
[[0;32m  OK  [0m] Started Remount Root and Kernel File Systems.
[[0;32m  OK  [0m] Started Uncomplicated firewall.
[[0;32m  OK  [0m] Started Load Kernel Modules.
[[0;32m  OK  [0m] Started Create list of required sta...ce nodes for the current kernel.
[[0;32m  OK  [0m] Started Set console keymap.
[[0;32m  OK  [0m] Started Nameserver information manager.
[[0;32m  OK  [0m] Started LVM2 metadata daemon.
         Starting Create Static Device Nodes in /dev...
         Mounting FUSE Control File System...
         Starting Apply Kernel Variables...
         Starting udev Coldplug all Devices...
         Starting Load/Save Random Seed...
         Starting Flush Journal to Persistent Storage...
[[0;32m  OK  [0m] Mounted FUSE Control File System.
[[0;32m  OK  [0m] Started Create Static Device Nodes in /dev.
[[0;32m  OK  [0m] Started Apply Kernel Variables.
[[0;32m  OK  [0m] Started Load/Save Random Seed.
         Starting udev Kernel Device Manager...
[[0;32m  OK  [0m] Started Flush Journal to Persistent Storage.
[[0;32m  OK  [0m] Started udev Coldplug all Devices.
[[0;32m  OK  [0m] Started udev Kernel Device Manager.
[[0;32m  OK  [0m] Started Dispatch Password Requests to Console Directory Watch.
[[0;32m  OK  [0m] Found device /dev/ttyS0.
[[0;32m  OK  [0m] Started Monitoring of LVM2 mirrors,...ng dmeventd or progress polling.
[[0;32m  OK  [0m] Reached target Local File Systems (Pre).
[[0;32m  OK  [0m] Reached target Local File Systems.
         Starting LSB: AppArmor initialization...
         Starting Tell Plymouth To Write Out Runtime Data...
         Starting Initial cloud-init job (pre-networking)...
         Starting Set console font and keymap...
         Starting Create Volatile Files and Directories...
[[0;32m  OK  [0m] Started Tell Plymouth To Write Out Runtime Data.
[[0;32m  OK  [0m] Started Create Volatile Files and Directories.
[[0;32m  OK  [0m] Listening on Load/Save RF Kill Switch Status /dev/rfkill Watch.
         Starting Update UTMP about System Boot/Shutdown...
[[0;32m  OK  [0m] Found device 82540EM Gigabit Ethern...r (PRO/1000 MT Desktop Adapter).
[[0;32m  OK  [0m] Started Update UTMP about System Boot/Shutdown.
[[0;32m  OK  [0m] Started Set console font and keymap.
[[0;32m  OK  [0m] Created slice system-getty.slice.
[[0;32m  OK  [0m] Started LSB: AppArmor initialization.
[   14.427105] cloud-init[585]: Cloud-init v. 18.4-0ubuntu1~16.04.2 running 'init-local' at Fri, 23 Nov 2018 20:49:52 +0000. Up 13.97 seconds.
[[0;32m  OK  [0m] Started Initial cloud-init job (pre-networking).
[[0;32m  OK  [0m] Reached target Network (Pre).
[[0;32m  OK  [0m] Started ifup for enp0s3.
         Starting Raise network interfaces...
[[0;32m  OK  [0m] Started Raise network interfaces.
         Starting Initial cloud-init job (metadata service crawler)...
[[0;32m  OK  [0m] Reached target Network.
[   15.724838] cloud-init[959]: Cloud-init v. 18.4-0ubuntu1~16.04.2 running 'init' at Fri, 23 Nov 2018 20:49:53 +0000. Up 15.23 seconds.
[   15.732539] cloud-init[959]: ci-info: ++++++++++++++++++++++++++++++++++++++Net device info++++++++++++++++++++++++++++++++++++++
[   15.792897] cloud-init[959]: ci-info: +--------+------+----------------------------+---------------+--------+-------------------+
[[   15.822215] cloud-init[959]: ci-info: | Device |  Up  |          Address           |      Mask     | Scope  |     Hw-Address    |
[0;32m  OK  [0m[   15.822429] ] cloud-initStarted Initial cloud-init job (metadata service crawler).[959]: 
ci-info: +--------+------+----------------------------+---------------+--------+-------------------+
[   15.824124] cloud-init[959]: ci-info: | enp0s3 | True |         10.0.2.15          | 255.255.255.0 | global | 02:46:93:03:7f:ca |
[   15.896943] cloud-init[959]: ci-info: | enp0s3 | True | fe80::46:93ff:fe03:7fca/64 |       .       |  link  | 02:46:93:03:7f:ca |
[   15.897383] cloud-init[959]: ci-info: |   lo   | True |         127.0.0.1          |   255.0.0.0   |  host  |         .         |
[[0;32m  OK  [0m] Reached target Network is Online.
[   15.897957] cloud-init[959]: ci-info: |   lo   | True |          ::1/128           |       .       |  host  |         .         |
[   16.004735] cloud-init[959]: ci-info: +--------+------+----------------------------+---------------+--------+-------------------+
[   16.009109] cloud-init[959]: ci-info: +++++++++++++++++++++++++++Route IPv4 info++++++++++++++++++++++++++++
[   16.043188] cloud-init[959]: ci-info: +-------+-------------+----------+---------------+-----------+-------+
[   16.043508] cloud-init[959]: ci-info: | Route | Destination | Gateway  |    Genmask    | Interface | Flags |
[   16.043941] cloud-init[959]: ci-info: +-------+-------------+----------+---------------+-----------+-------+
[   16.044393] cloud-init[959]: ci-info: |   0   |   0.0.0.0   | 10.0.2.2 |    0.0.0.0    |   enp0s3  |   UG  |
         Starting iSCSI initiator daemon (iscsid)...
[   16.044478] cloud-init[959]: ci-info: |   1   |   10.0.2.0  | 0.0.0.0  | 255.255.255.0 |   enp0s3  |   U   |
[   16.076707] cloud-init[959]: ci-info: +-------+-------------+----------+---------------+-----------+-------+
[[0;32m  OK  [0m] Reached target Cloud-config availability.
[   16.077361] cloud-init[959]: ci-info: +++++++++++++++++++Route IPv6 info+++++++++++++++++++
[   16.083374] cloud-init[959]: ci-info: +-------+-------------+---------+-----------+-------+
[[0;32m  OK  [0m] Reached target System Initialization.
[   16.083471]          Starting LXD - unix socket.
cloud-init[959]: ci-info: | Route | Destination | Gateway | Interface | Flags |
[   16.155130] cloud-init[959]: ci-info: +-------+-------------+---------+-----------+-------+
[   16.155458] cloud-init[959]: ci-info: |   0   |  fe80::/64  |    ::   |   enp0s3  |   U   |
[   16.155647] cloud-init[959]: ci-info: |   3   |   ff00::/8  |    ::   |   enp0s3  |   U   |
[   16.155841] cloud-init[959]: ci-info: +-------+-------------+---------+-----------+-------+
[[0;32m  OK  [0m] Started ACPI Events Check.
[[0;32m  OK  [0m] Reached target Paths.
[[0;32m  OK  [0m] Listening on D-Bus System Message Bus Socket.
[[0;32m  OK  [0m] Listening on ACPID Listen Socket.
[[0;32m  OK  [0m] Started Daily Cleanup of Temporary Directories.
[[0;32m  OK  [0m] Listening on UUID daemon activation socket.
[[0;32m  OK  [0m] Started Daily apt download activities.
[[0;32m  OK  [0m] Started Daily apt upgrade and clean activities.
[[0;32m  OK  [0m] Reached target Timers.
         Starting Socket activation for snappy daemon.
[[0;32m  OK  [0m] Listening on LXD - unix socket.
[[0;32m  OK  [0m] Listening on Socket activation for snappy daemon.
[[0;32m  OK  [0m] Started iSCSI initiator daemon (iscsid).
         Starting Login to default iSCSI targets...
[[0;32m  OK  [0m] Reached target Sockets.
[[0;32m  OK  [0m] Reached target Basic System.
         Starting Accounts Service...
         Starting LSB: MD monitoring daemon...
         Starting Login Service...
[[0;32m  OK  [0m] Started Unattended Upgrades Shutdown.
         Starting LXD - container startup/shutdown...
[[0;32m  OK  [0m] Started ACPI event daemon.
         Starting OpenBSD Secure Shell server...
[[0;32m  OK  [0m] Started FUSE filesystem for LXC.
         Starting System Logging Service...
         Starting LSB: Record successful boot for GRUB...
[[0;32m  OK  [0m] Started D-Bus System Message Bus.
[[0;32m  OK  [0m] Started Regular background program processing daemon.
         Starting Virtualbox guest utils...
         Starting /etc/rc.local Compatibility...
         Starting Snappy daemon...
[[0;32m  OK  [0m] Started Deferred execution scheduler.
[[0;32m  OK  [0m] Started System Logging Service.
[[0;32m  OK  [0m] Started LXD - container startup/shutdown.
[[0;32m  OK  [0m] Started /etc/rc.local Compatibility.
[[0;32m  OK  [0m] Started OpenBSD Secure Shell server.
[[0;32m  OK  [0m] Started Login to default iSCSI targets.
[[0;32m  OK  [0m] Started LSB: MD monitoring daemon.
[[0;32m  OK  [0m] Started LSB: Record successful boot for GRUB.
[[0;32m  OK  [0m] Started Login Service.
         Starting Authenticate and Authorize Users to Run Privileged Tasks...
[[0;32m  OK  [0m] Reached target Remote File Systems (Pre).
[[0;32m  OK  [0m] Reached target Remote File Systems.
         Starting LSB: Set the CPU Frequency Scaling governor to "ondemand"...
         Starting LSB: automatic crash report generation...
         Starting LSB: daemon to balance interrupts for SMP systems...
         Starting Permit User Sessions...
[[0;32m  OK  [0m] Started Snappy daemon.
[[0;32m  OK  [0m] Started Virtualbox guest utils.
[[0;32m  OK  [0m] Started Permit User Sessions.
[[0;32m  OK  [0m] Started Authenticate and Authorize Users to Run Privileged Tasks.
[[0;32m  OK  [0m] Started Accounts Service.
[[0;32m  OK  [0m] Started LSB: Set the CPU Frequency Scaling governor to "ondemand".
[[0;32m  OK  [0m] Started LSB: automatic crash report generation.
         Starting Hold until boot process finishes up...
         Starting Terminate Plymouth Boot Screen...
         Starting Wait until snapd is fully seeded...
[[0;32m  OK  [0m] Started LSB: daemon to balance interrupts for SMP systems.
[[0;32m  OK  [0m] Started Hold until boot process finishes up.
[[0;32m  OK  [0m] Started Terminate Plymouth Boot Screen.
[[0;32m  OK  [0m] Started Getty on tty1.
         Starting Set console scheme...
[[0;32m  OK  [0m] Started Serial Getty on ttyS0.
[[0;32m  OK  [0m] Reached target Login Prompts.
[[0;32m  OK  [0m] Started Wait until snapd is fully seeded.
[[0;32m  OK  [0m] Started Set console scheme.
[[0;32m  OK  [0m] Reached target Multi-User System.
[[0;32m  OK  [0m] Reached target Graphical Interface.
         Starting Update UTMP about System Runlevel Changes...
         Starting Apply the settings specified in cloud-config...
[[0;32m  OK  [0m] Started Update UTMP about System Runlevel Changes.
[   19.806561] cloud-init[1194]: Cloud-init v. 18.4-0ubuntu1~16.04.2 running 'modules:config' at Fri, 23 Nov 2018 20:49:58 +0000. Up 19.61 seconds.
[[0;32m  OK  [0m] Started Apply the settings specified in cloud-config.
         Starting Execute cloud user/final scripts...
[   20.636550] cloud-init[1204]: Cloud-init v. 18.4-0ubuntu1~16.04.2 running 'modules:final' at Fri, 23 Nov 2018 20:49:58 +0000. Up 20.44 seconds.
[   20.648746] cloud-init[1204]: Cloud-init v. 18.4-0ubuntu1~16.04.2 finished at Fri, 23 Nov 2018 20:49:59 +0000. Datasource DataSourceNoCloud [seed=/dev/sdb][dsmode=net].  Up 20.62 seconds
[[0;32m  OK  [0m] Started Execute cloud user/final scripts.
         Starting Daily apt download activities...
[[0;32m  OK  [0m] Reached target Cloud-init target.
[[0;32m  OK  [0m] Started Daily apt download activities.

Ubuntu 16.04.5 LTS ubuntu-xenial ttyS0

ubuntu-xenial login: 