[    0.000000] Initializng cgroup subsys cpuset
[    0.000000] Initializing cgroup subsys cpu
[    0.000000] Initializing cgroup subsys cpuacct
[    0.0000] Linuxerion 4.4.0-13-generic (buildd@lcy01-amd64-006) (gcc version 5.4.0 20160609 (Ubuntu 5.4.0-6ubuntu1~16.04.10) ) #165-Ubuntu SMP Wed Oct 24 10:58:50 UTC 2018 (Ubuntu 4.4.0-139.165-generic 4.4.160)
[    0.000000] Command line: BOOT_IMA=/boot/vmlinuz-4.4.0-139-generic root=UUID=596dd04d-2c69-42c5-8ed8-7a8e48ad11de ro console=tty1 console=ttyS0
[    0.000000] KERNEL supported cpus:
[    0.000000]   Intel GenuineIntel
[    0.000000]   AMD AuthenticAMD
[    0.000000]   Centaur CentaurHauls
[    0.000000] x86/fpu: xstate_offset[2]:  576, xstate_sizes[2]:  256
[    0.000000] x86/fpu: Supporting XSAVE feature 0x01: 'x87 floating point registers'
[    0.000000] x86/fpu: Supporting XSAVE feature 0x02: 'SSE registers'
[    0.000000] x86/fpu: Supporting XSAVE feature 0x04: 'AVX registers'
[    0.000000] x86/fpu: Enabled xstate features 0x7, context size is 832 bytes, using 'standard' format.
[    0.000000] e820: BIOS-provided physical RAM map:
[    0.000000] BIOS-e820: [mem 0x0000000000000000-0x000000000009fbff] usable
[    0.000000] BIOS-e820: [mem 0x000000000009fc00-0x000000000009ffff] reserved
[    0.000000] BIOS-e820: [mem 0x00000000000f0000-0x00000000000fffff] reserved
[    0.000000] BIOS-e820: [mem 0x0000000000100000-0x000000003ffeffff] usable
[    0.000000] BIOS-e820: [mem 0x000000003fff0000-0x000000003fffffff] ACPI data
[    0.000000] BIOS-e820: [mem 0x00000000fec00000-0x00000000fec00fff] reserved
[    0.000000] BIOS-e820: [mem 0x00000000fee00000-0x00000000fee00fff] reserved
[    0.000000] BIOS-e820: [mem 0x00000000fffc0000-0x00000000ffffffff] reserved
[    0.000000] NX (Execute Disable) protection: active
[    0.000000] SMBIOS 2.5 present.
[    0.000000] Hypervisor detected: KVM
[    0.000000] e820: last_pfn = 0x3fff0 max_arch_pfn = 0x400000000
[    0.000000] MTRR: Disabled
[    0.000000] x86/PAT: MTRRs disabled, skipping PAT initialization too.
[    0.000000] CPU MTRRs all blank - virtualized system.
[    0.000000] x86/PAT: Configuration [0-7]: WB  WT  UC- UC  WB  WT  UC- UC  
[    0.000000] found SMP MP-table at [mem 0x0009fff0-0x0009ffff] mapped at [ffff88000009fff0]
[    0.000000] Scanning 1 areas for low memory corruption
[    0.000000] RAMDISK: [mem 0x361ee000-0x370eefff]
[    0.000000] ACPI: Early table checksum verification disabled
[    0.000000] ACPI: RSDP 0x00000000000E0000 000024 (v02 VBOX  )
[    0.000000] ACPI: XSDT 0x000000003FFF0030 00003C (v01 VBOX   VBOXXSDT 00000001 ASL  00000061)
[    0.000000] ACPI: FACP 0x000000003FFF00F0 0000F4 (v04 VBOX   VBOXFACP 00000001 ASL  00000061)
[    0.000000] ACPI: DSDT 0x000000003FFF0470 0021FF (v02 VBOX   VBOXBIOS 00000002 INTL 20100528)
[    0.000000] ACPI: FACS 0x000000003FFF0200 000040
[    0.000000] ACPI: FACS 0x000000003FFF0200 000040
[    0.000000] ACPI: APIC 0x000000003FFF0240 00005C (v02 VBOX   VBOXAPIC 00000001 ASL  00000061)
[    0.000000] ACPI: SSDT 0x000000003FFF02A0 0001CC (v01 VBOX   VBOXCPUT 00000002 INTL 20100528)
[    0.000000] No NUMA configuration found
[    0.000000] Faking a node at [mm 0x0000000000000000-0x000000003ffeffff]
[    0.000000] NODE_DATA(0) allocated [mem 0x3ffeb000-0x3ffeffff]
[    0.000000] kvm-clock: Using msrs 4b564d01 and 4b564d0
[    0.000000] kvm-clock: cpu 0, msr 0:3ffe3001, primary cpu clock
[    0.000000] kvm-clock: using sched offset of 3979228128 cycles
[    0.000000] clcksource: kvm-clock: mask: 0xffffffffffffffff max_cycles: 0x1cd42e4dffb, max_idle_ns: 881590591483 ns
[    0.000000] Zone ranges:
[    0.000000]   DMA      [mem 0x0000000000001000-0x0000000000ffffff]
[    0.000000]   DMA32    [mem 0x0000000001000000-0x000000003ffeffff]
[    0.000000]   Normal   empty
[    0.000000]   Device   empty
[    0.000000] Movable zone start for each node
[    0.000000] Early memory node ranges
[    0.000000]   node   0: [mem 0x0000000000001000-0x000000000009efff]
[    0.000000]   node   0: [mem 0x0000000000100000-0x000000003ffeffff]
[    0.000000] Initmem setup node 0 [mem 0x0000000000001000-0x000000003ffeffff]
[    0.000000] ACPI: PM-Timer IO Port: 0x4008
[  000000IOAPI0] apic_id 2, version 32, address 0xfec0000,SI 0-23
[    0.000000] ACPI: INT_SRC_OVR (bus 0 bus_irq 0 global_irq 2 dfl dfl)
[  0.00000] AI:INT_C_VR (bus 0 bus_irq 9 global_irq 9 low level)
[    0.000000] Using ACPI (MADT) for MP configuratin information
[  0.00000] smbot:Allowing 2 CPUs, 0 hotplug CPUs
[    0.000000] PM: Registered nosave memory: [mem 0x00000000-0x00000fff]
[    0.000000] PM: Registered nosave memory: [mem 0x0009f000-0009ffff]
[    0.000000] PM:Reisered nsa memry[mem 00a0000-0x000effff]
[  0.00000] PM Risted osaveemry: [m 0000f000-0x000ffff]
[    0.000000] e820: [mem 0x40000000-0xfebfffff] available for PCI devices
[    0.000000] Booting paravirtualized kernel on KVM
[    0.000000] clocksource: refined-jiffies: mask: 0xffffffff max_cycles: 0xffffffff, max_idle_ns: 7645519600211568 ns
[  000000] tup_percpu: NR_CPUS:512 nr_cpumask_bits:512 nr_cpu_ids:2 nr_node_ids:1
[    0.000] PERCPU: Embedded 34 pages/cpu @ffff88003fc00000 s99608 r8192 d31464 u1048576
[    0.000000] PV qspinlock hash table entries: 256 (order: 0, 4096 bytes)
[    0.000000] Built 1 zonelists in Node order, mobility grouping on.  Total pages: 257912
[    0.000000] Policy zone: DMA32
[    0.000000] Kernel command line: BOOT_IMAGE=/boot/vmlinuz-4.4.0-139-generic root=UUID=596dd04d-2c69-42c5-8ed8-7a8e48ad11de ro console=tty1 console=ttyS0
[    0.000000] PID hash table entries: 4096 (order: 3, 32768 byte)
    0.000000] Memory: 997140K/1048120K available 854Kkernel code, 1314K rwdata, 4004K rodata, 1528K init, 1316K bss, 50980K reserved, 0K cma-reserved)
[    0.000000] SLUB: HWalign=64, Order=0-3, MinObjects=0, CPUs=2, Nde1
[    0.000] Kern/Uer page tabesislation eabed[   00000] Herchical RCU implementation.
[    0.000000] 	Build-time adjustment of leaf fanout to 64.
[    0.000000] 	RCU restricting CPUs from NR_CPUS=512 to nr_cpu_ids=2.
[    0.000000] RCU: Adjusting geometry for rcu_fanout_leaf=64, nr_cpu_ids=2
[   0.0000] _IRQS334 nrir:440 16
[    0.000000] Console: colour VGA+ 80x25
[    0.000000] console [tty1] enabled
[    .0000] console [ttyS] abled
[    0.000000] tsc: Detected 2793.654 MHz processor
[    2.623940] Calibrating delay loop (skipped) preset value.. 5587.30 BogoMIPS (lpj=11174616)
[    2.625982] pid_max: default: 32768 minimum: 301
[    2.629066] ACPI: Core revision 20150930
[    2.637926] ACPI: 2 ACPI AML tables successfully acquired and loaded
[    2.639460] Security Framework initialized
[    2.640454] Yama: becoming mindful.
[    2.641331] AppArmor: AppArmor initialized
[    2.642557] Dentry cache hash table entries: 131072 (order: 8, 1048576 bytes)
[    2.658011] Inode-cache hash table entries: 65536 (order: 7, 524288 bytes)
[    2.716966] Mount-cache hash table entries: 2048 (order: 2, 16384 bytes)
[    2.770769] Mountpoint-cache hash table entries: 2048 (order: 2, 16384 bytes)
[    2.782106] Initializing cgroup subsys io
[    2.804056] Initializing cgroup subsys memory
[    2.805089] Initializing cgroup subsys devices
[    2.809002] Initializing cgroup subsys freezer
[    2.813107] Initializing cgroup subsys net_cls
[    2.816874] Initializing cgroup subsys perf_event
[    2.818112] Initializing cgroup subsys net_prio
[    2.825756] Initializing cgroup subsys hugetlb
[    2.837029] Initializing cgroup subsys pids
[    2.844306] mce: CPU supports 0 MCE banks
[    2.852399] Last level iTLB entries: 4KB 512, 2MB 8, 4MB 8
[    2.853906] Last level dTLB entries: 4KB 512, 2MB 32, 4MB 32, 1GB 0
[    2.855344] Spectre V2 : Mitigation: Full generic retpoline
[    2.861628] Spectre V2 : Spectre v2 mitigation: Speculation control IBPB not-supported IBRS not-supported
[    2.864891] Spectre V2 : Spectre v2 / SpectreRSB mitigation: Filling RSB on context switch
[    2.888533] Speculative Store Bypass: Vulnerable
[    2.892657] Freeing SMP alternatives memory: 32K
[    2.911235] ftrace: allocating 32278 entries in 127 pages
[    2.979036] smpboot: APIC(0) Converting physical 0 to logical package 0
[    2.987183] smpboot: Max logical packages: 1
[    2.988585] x2apic enabled
[    3.003535] Switched APIC routing to physical x2apic.
[    3.026294] ..TIMER: vector=0x30 apic1=0 pin1=2 apic2=-1 pin2=-1
[    3.146978] smpboot: CPU0: Intel(R) Core(TM) i5-2300 CPU @ 2.80GHz (family: 0x6, model: 0x2a, stepping: 0x7)
[    3.205607] Performance Events: unsupported p6 CPU model 42 no PMU driver, software events only.
[    3.228318] KVM setup paravirtual spinlock
[    3.256589] x86: Booting SMP configuration:
[    3.299885] .... node  #0, CPUs:      #1
[    3.322145] kvm-clock: cpu 1, msr 0:3ffe3041, secondary cpu clock
[    3.341139] mce: CPU supports 0 MCE banks
[    3.364088] x86: Booted up 1 node, 2 CPUs
[    3.368354] smpboot: Total of 2 processors activated (11174.61 BogoMIPS)
[    3.392282] devtmpfs: initialized
[    3.403246] evm: security.selinux
[    3.404160] evm: security.SMACK64
[    3.419038] evm: security.SMACK64EXEC
[    3.435351] evm: security.SMACK64TRANSMUTE
[    3.467550] evm: security.SMACK64MMAP
[    3.474853] evm: security.ima
[    3.500836] evm: security.capability
[    3.512962] clocksource: jiffies: mask: 0xffffffff max_cycles: 0xffffffff, max_idle_ns: 7645041785100000 ns
[    3.586791] futex hash table entries: 512 (order: 3, 32768 bytes)
[    3.604138] pinctrl core: initialized pinctrl subsystem
[    3.605528] RTC time: 22:33:03, date: 11/21/18
[    3.636667] NET: Registered protocol family 16
[    3.683924] cpuidle: using governor ladder
[    3.708438] cpuidle: using governor menu
[    3.727737] PCCT header not found.
[    3.732706] ACPI: bus type PCI registered
[    3.756117] acpiphp: ACPI Hot Plug PCI Controller Driver version: 0.5
[    3.772797] PCI: Using configuration type 1 for base access
[    3.844742] ACPI: Added _OSI(Module Device)
[    3.871155] ACPI: Added _OSI(Processor Device)
[    3.901529] ACPI: Added _OSI(3.0 _SCP Extensions)
[    3.916992] ACPI: Added _OSI(Processor Aggregator Device)
[    3.925668] ACPI: Executed 1 blocks of module-level executable AML code
[    3.951667] ACPI: Interpreter enabled
[    3.956608] ACPI: (supports S0 S5)
[    3.957664] ACPI: Using IOAPIC for interrupt routing
[    3.960523] PCI: Using host bridge windows from ACPI; if necessary, use "pci=nocrs" and report a bug
[    3.966913] ACPI: PCI Root Bridge [PCI0] (domain 0000 [bus 00-ff])
[    4.002712] acpi PNP0A03:00: _OSC: OS supports [ASPM ClockPM Segments MSI]
[    4.009740] acpi PNP0A03:00: _OSC: not requesting OS control; OS requires [ExtendedConfig ASPM ClockPM MSI]
[    4.014096] acpi PNP0A03:00: fail to add MMCONFIG information, can't access extended PCI configuration space under this bridge.
[    4.016834] PCI host bridge to bus 0000:00
[    4.017800] pci_bus 0000:00: root bus resource [io  0x0000-0x0cf7 window]
[    4.019190] pci_bus 0000:00: root bus resource [io  0x0d00-0xffff window]
[    4.023539] pci_bus 0000:00: root bus resource [mem 0x000a0000-0x000bffff window]
[    4.025474] pci_bus 0000:00: root bus resource [mem 0x40000000-0xfdffffff window]
[    4.027374] pci_bus 0000:00: root bus resource [bus 00-ff]
[    4.031367] pci 0000:00:01.1: legacy IDE quirk: reg 0x10: [io  0x01f0-0x01f7]
[    4.039763] pci 0000:00:01.1: legacy IDE quirk: reg 0x14: [io  0x03f6]
[    4.055650] pci 0000:00:01.1: legacy IDE quirk: reg 0x18: [io  0x0170-0x0177]
[    4.057262] pci 0000:00:01.1: legacy IDE quirk: reg 0x1c: [io  0x0376]
[    4.088584] pci 0000:00:07.0: quirk: [io  0x4000-0x403f] claimed by PIIX4 ACPI
[    4.090390] pci 0000:00:07.0: quirk: [io  0x4100-0x410f] claimed by PIIX4 SMB
[    4.112152] ACPI: PCI Interrupt Link [LNKA] (IRQs 5 9 10 *11)
[    4.128824] ACPI: PCI Interrupt Link [LNKB] (IRQs 5 9 *10 11)
[    4.160231] ACPI: PCI Interrupt Link [LNKC] (IRQs 5 *9 10 11)
[    4.181421] ACPI: PCI Interrupt Link [LNKD] (IRQs 5 9 10 *11)
[    4.200359] ACPI: Enabled 2 GPEs in block 00 to 07
[    4.201819] vgaarb: setting as boot device: PCI:0000:00:02.0
[    4.222804] vgaarb: device added: PCI:0000:00:02.0,decodes=io+mem,owns=io+mem,locks=none
[    4.224753] vgaarb: loaded
[    4.240760] vgaarb: bridge control possible 0000:00:02.0
[    4.293840] SCSI subsystem initialized
[    4.310744] ACPI: bus type USB registered
[    4.328737] usbcore: registered new interface driver usbfs
[    4.330005] usbcore: registered new interface driver hub
[    4.331308] usbcore: registered new device driver usb
[    4.338632] PCI: Using ACPI for IRQ routing
[    4.354856] NetLabel: Initializing
[    4.377947] NetLabel:  domain hash size = 128
[    4.409030] NetLabel:  protocols = UNLABELED CIPSOv4
[    4.410185] NetLabel:  unlabeled traffic allowed by default
[    4.413877] amd_nb: Cannot enumerate AMD northbridges
[    4.419830] clocksource: Switched to clocksource kvm-clock
[    4.468567] pprmor: AppArmr Filesystem Enabled
[    4.554727] pnp: PnP ACPI init
[    4.556564] pnp: PnP ACPI: found 3 devices

[   5624] clocksource: acpi_pm: mask: 0xfffff max_cycles: 0xffffff, max_idle_ns: 2085701024 ns
[    4.725100] NET: Registered protocol family 2

[    4.726261] TCP established hash table entries: 8192 (order: 4, 65536 bytes)
[    4.727760] TCP bind hash table enies 82 (order: 5, 13107 bes
[    5.000644] TCP: Hash tables configured (established 8192 bind 819)
[  5.07752] UDhash table entries: 512 (order: 2, 16384 bytes)
    5.171795] UDP-Lite hash table entries: 512 (order: 2, 16384 bytes)
[    5.198426] NET: Registered protocol family 1
[    5.199462] pci 0000:00:00.0: Limiting direct PCI/PCI transfers
[    5.200772] pci 0000:00:01.0: Activating ISA DMA hang workarounds
[    5.202252] Unpacking initramfs...

[    5.699599] Freeing initrd memory: 15364K
[    5.701102] RAPL PMU detected, API unit is 2^-32 Joules, 3 fixed counters 10737418240 ms ovfl timer
[    5.703294] hw unit of domain pp0-core 2^-0 Joules
[    5.704440] hw unit of domain package 2^-0 Joules
[    5.705570] hw unit of domain pp1-gpu 2^-0 Joules
[    5.706770] platform rtc_cmos: registered platform RTC device (no PNP device found)
[    5.708559] Scanning for low memory corruption every 60 seconds
[    5.710338] audit: initializing netlink subsys (disabled)
[    5.711637] audit: type=2000 audit(1542839587.448:1): initialized
[    5.713440] Initialise system trusted keyring
[    5.715925] HugeTLB registered 2 MB page size, pre-allocated 0 pages
[    5.718886] zbud: loaded
[    5.719943] VFS: Disk quotas dquot_6.6.0
[    5.720971] VFS: Dquot-cache hash table entries: 512 (order 0, 4096 bytes)
[    5.723206] squashfs: version 4.0 (2009/01/31) Phillip Lougher
[    5.725106] fuse init (API version 7.23)
[    5.726542] Key type big_key registered
[    5.727721] Allocating IMA MOK and blacklist keyrings.
[    5.731859] Key type asymmetric registered
[    5.732982] Asymmetric key parser 'x509' registered
[    5.734505] Block layer SCSI generic (bsg) driver version 0.4 loaded (major 249)
[    5.738984] io scheduler noop registered
[    5.741270] io scheduler deadline registered (default)
[    5.742450] io scheduler cfq registered
[    5.743546] pci_hotplug: PCI Hot Plug PCI Core version: 0.5
[    5.757894] pciehp: PCI Express Hot Plug Controller Driver version: 0.4
[    5.790948] ACPI: AC Adapter [AC] (on-line)
[    5.827424] input: Power Button as /devices/LNXSYSTM:00/LNXPWRBN:00/input/input0
[    5.880685] ACPI: Power Button [PWRF]
[    5.884503] input: Sleep Button as /devices/LNXSYSTM:00/LNXSLPBN:00/input/input1
[    5.895986] ACPI: Sleep Button [SLPF]
[    5.913981] GHES: HEST is not enabled!
[    5.927290] Serial: 8250/16550 driver, 32 ports, IRQ sharing enabled
[    5.998558] 00:02: ttyS0 at I/O 0x3f8 (irq = 4, base_baud = 115200) is a 16550A
[    6.034321] Linux agpgart interface v0.103
[    6.062468] loop: module loaded
[    6.095483] scsi host0: ata_piix
[    6.117049] scsi host1: ata_piix
[    6.128526] ata1: PATA max UDMA/33 cmd 0x1f0 ctl 0x3f6 bmdma 0xd000 irq 14
[    6.130336] ata2: PATA max UDMA/33 cmd 0x170 ctl 0x376 bmdma 0xd008 irq 15
[    6.132180] libphy: Fixed MDIO Bus: probed
[    6.133402] tun: Universal TUN/TAP device driver, 1.6
[    6.134645] tun: (C) 1999-2004 Max Krasnyansky <maxk@qualcomm.com>
[    6.136083] PPP generic driver version 2.4.2
[    6.137351] ehci_hcd: USB 2.0 'Enhanced' Host Controller (EHCI) Driver
[    6.138765] ehci-pci: EHCI PCI platform driver
[    6.139826] ehci-platform: EHCI generic platform driver
[    6.141201] ohci_hcd: USB 1.1 'Open' Host Controller (OHCI) Driver
[    6.142630] ohci-pci: OHCI PCI platform driver
[    6.145750] ohci-platform: OHCI generic platform driver
[    6.154847] uhci_hcd: USB Universal Host Controller Interface driver
[    6.171028] i8042: PNP: PS/2 Controller [PNP0303:PS2K,PNP0f03:PS2M] at 0x60,0x64 irq 1,12
[    6.176553] serio: i8042 KBD port at 0x60,0x64 irq 1
[    6.178665] serio: i8042 AUX port at 0x60,0x64 irq 12
[    6.183575] mousedev: PS/2 mouse device common for all mice
[    6.200470] input: AT Translated Set 2 keyboard as /devices/platform/i8042/serio0/input/input2
[    6.202629] rtc_cmos rtc_cmos: rtc core: registered rtc_cmos as rtc0
[    6.204239] rtc_cmos rtc_cmos: alarms up to one day, 114 bytes nvram
[    6.205666] i2c /dev entries driver
[    6.206599] device-mapper: uevent: version 1.0.3
[    6.207726] device-mapper: ioctl: 4.34.0-ioctl (2015-10-28) initialised: dm-devel@redhat.com
[    6.209875] ledtrig-cpu: registered to indicate activity on CPUs
[    6.211811] NET: Registered protocol family 10
[    6.213227] NET: Registered protocol family 17
[    6.214375] Key type dns_resolver registered
[    6.215759] registered taskstats version 1
[    6.224016] Loading compiled-in X.509 certificates
[    6.225922] Loaded X.509 cert 'Build time autogenerated kernel key: a88b0f663ecfd40e6a501dee2f0b211d51902e35'
[    6.228119] zswap: loaded using pool lzo/zbud
[    6.238490] Key type trusted registered
[    6.243288] Key type encrypted registered
[    6.244369] AppArmor: AppArmor sha1 policy hashing enabled
[    6.245713] ima: No TPM chip found, activating TPM-bypass!
[    6.247051] ima: Allocated hash algorithm: sha1
[    6.248340] evm: HMAC attrs: 0x1
[    6.249670]   Magic number: 10:972:603
[    6.250675] rtc_cmos rtc_cmos: setting system clock to 2018-11-21 22:33:06 UTC (1542839586)
[    6.252793] BIOS EDD facility v0.16 2004-Jun-25, 0 devices found
[    6.254442] EDD information not available.
[    6.290269] Freeing unused kernel memory: 1528K
[    6.291401] Write protecting the kernel read-only data: 14336k
[    6.293138] Freeing unused kernel memory: 1664K
[    6.294791] Freeing unused kernel memory: 92K
Loading, please [    6.311562] random: systemd-udevd: uninitialized urandom read (16 bytes read, 2 bits of entropy available)
wait...
starting version 229
[    6.312433] random: udevadm: uninitialized urandom read (16 bytes read, 2 bits of entropy available)
[    6.312458] random: udevadm: uninitialized urandom read (16 bytes read, 2 bits of entropy available)
[    6.325529] random: udevadm: uninitialized urandom read (16 bytes read, 2 bits of entropy available)
[    6.325582] random: udevadm: uninitialized urandom read (16 bytes read, 2 bits of entropy available)
[    6.325770] random: udevadm: uninitialized urandom read (16 bytes read, 2 bits of entropy available)
[    6.325844] random: udevadm: uninitialized urandom read (16 bytes read, 2 bits of entropy available)
[    6.326007] random: udevadm: uninitialized urandom read (16 bytes read, 2 bits of entropy available)
[    6.326088] random: udevadm: uninitialized urandom read (16 bytes read, 2 bits of entropy available)
[    6.326161] random: udevadm: uninitialized urandom read (16 bytes read, 2 bits of entropy available)
[    6.692098] Fusion MPT base driver 3.04.20
[    6.729615] Copyright (c) 1999-2008 LSI Corporation
[    6.732325] tsc: Refined TSC clocksource calibration: 2794.964 MHz
[    6.732374] e1000: Intel(R) PRO/1000 Network Driver - version 7.3.21-k8-NAPI
[    6.732375] e1000: Copyright (c) 1999-2006 Intel Corporation.
[    6.768977] clocksource: tsc: mask: 0xffffffffffffffff max_cycles: 0x2849ab7a426, max_idle_ns: 440795274972 ns
[    6.815697] Fusion MPT SPI Host driver 3.04.20
[    6.881801] AVX version of gcm_enc/dec engaged.
[    6.895938] AES CTR mode by8 optimization enabled
[    7.045061] input: ImExPS/2 Generic Explorer Mouse as /devices/platform/i8042/serio1/input/input4
[    7.229946] e1000 0000:00:03.0 eth0: (PCI:33MHz:32-bit) 02:46:93:03:7f:ca
[    7.249008] e1000 0000:00:03.0 eth0: Intel(R) PRO/1000 Network Connection
[    7.251562] mptbase: ioc0: Initiating bringup
[    7.251820] e1000 0000:00:03.0 enp0s3: renamed from eth0
[    7.679117] ioc0: LSI53C1030 A0: Capabilities={Initiator}
[    8.115682] scsi host2: ioc0: LSI53C1030 A0, FwRev=00000000h, Ports=1, MaxQ=256, IRQ=20
[    8.632469] scsi 2:0:0:0: Direct-Access     VBOX     HARDDISK         1.0  PQ: 0 ANSI: 5
[    8.704246] scsi target2:0:0: Beginning Domain Validation
[    8.706583] scsi target2:0:0: Domain Validation skipping write tests
[    8.707974] scsi target2:0:0: Ending Domain Validation
[    8.732376] scsi target2:0:0: asynchronous
[    8.734002] scsi 2:0:1:0: Direct-Access     VBOX     HARDDISK         1.0  PQ: 0 ANSI: 5
[    8.767145] scsi target2:0:1: Beginning Domain Validation
[    8.780718] scsi target2:0:1: Domain Validation skipping write tests
[    8.782045] scsi target2:0:1: Ending Domain Validation
[    8.783216] scsi target2:0:1: asynchronous
[    9.686016] sd 2:0:0:0: Attached scsi generic sg0 type 0
[    9.686097] sd 2:0:0:0: [sda] 20971520 512-byte logical blocks: (10.7 GB/10.0 GiB)
[    9.689232] sd 2:0:0:0: [sda] Write Protect is off
[    9.689989] sd 2:0:1:0: [sdb] 20480 512-byte logical blocks: (10.5 MB/10.0 MiB)
[    9.690246] sd 2:0:1:0: [sdb] Write Protect is off
[    9.690340] sd 2:0:1:0: [sdb] Incomplete mode parameter data
[    9.690341] sd 2:0:1:0: [sdb] Assuming drive cache: write through
[    9.721928] sd 2:0:1:0: Attached scsi generic sg1 type 0
[    9.723314] sd 2:0:0:0: [sda] Incomplete mode parameter data
[    9.725511] sd 2:0:1:0: [sdb] Attached SCSI disk
[    9.731257] sd 2:0:0:0: [sda] Assuming drive cache: write through
[    9.734340]  sda: sda1
[    9.736002] sd 2:0:0:0: [sda] Attached SCSI disk
Begin: Loading e[   11.141038] md: linear personality registered for level -1
ssential drivers[   11.179926] md: multipath personality registered for level -4
 ... [   11.190255] md: raid0 personality registered for level 0
[   11.214304] md: raid1 personality registered for level 1
[   11.296522] raid6: sse2x1   gen()  6575 MB/s
[   11.380496] raid6: sse2x1   xor()  5658 MB/s
[   11.452742] raid6: sse2x2   gen()  9679 MB/s
[   11.520113] raid6: sse2x2   xor()  6457 MB/s
[   11.604108] raid6: sse2x4   gen() 10883 MB/s
[   11.684125] raid6: sse2x4   xor()  8043 MB/s
[   11.685348] raid6: using algorithm sse2x4 gen() 10883 MB/s
[   11.693289] raid6: .... xor() 8043 MB/s, rmw enabled
[   11.707463] raid6: using ssse3x2 recovery algorithm
[   11.717175] xor: automatically using best checksumming function:
[   11.771866]    avx       : 20302.000 MB/sec
[   11.782346] async_tx: api initialized (async)
[   11.799674] md: raid6 personality registered for level 6
[   11.808970] md: raid5 personality registered for level 5
[   11.810189] md: raid4 personality registered for level 4
[   11.824850] md: raid10 personality registered for level 10
done.
Begin: Running /scripts/init-premount ... done.
Begin: Mounting root file system ... Begin: Running /scripts/local-top ... done.
Begin: Running /scripts/local-premount ... [   11.875755] Btrfs loaded
Scanning for Btrfs filesystems
done.
Warning: fsck not present, so skipping root file system
[   11.915262] EXT4-fs (sda1): INFO: recovery required on readonly filesystem
[   11.916862] EXT4-fs (sda1): write access will be enabled during recovery
[   11.949880] EXT4-fs (sda1): recovery complete
[   11.951105] EXT4-fs (sda1): mounted filesystem with ordered data mode. Opts: (null)
done.
Begin: Running /scripts/local-bottom ... done.
Begin: Running /scripts/init-bottom ... done.
[   12.180193] systemd[1]: systemd 229 running in system mode. (+PAM +AUDIT +SELINUX +IMA +APPARMOR +SMACK +SYSVINIT +UTMP +LIBCRYPTSETUP +GCRYPT +GNUTLS +ACL +XZ -LZ4 +SECCOMP +BLKID +ELFUTILS +KMOD -IDN)
[   12.246912] systemd[1]: Detected virtualization oracle.
[   12.276971] systemd[1]: Detected architecture x86-64.

Welcome to [1mUbuntu 16.04.5 LTS[0m!

[   12.293085] systemd[1]: Set hostname to <ubuntu-xenial>.
[   12.546547] systemd[1]: Listening on Journal udt ocet.
[[0;32m  OK  [0m] Listening on Journal Audit Socket.
[  12.761440] systemd[1]: Started Forward Password Requests to Wall Directory Watch.
[[0;32m  OK  [0m] Started Forward Password Requests to Wall Directory Watch.
[ 12.829845] systemd[1]: Set up automount Arbitrary Executable File Formats File System Automount Point.
[[0;32m  OK  [0m] Set up automount Arbitrary Executab...ats File System Automount Point.
[  12.887914] systemd[1]: Listening on Journal Socket (/dev/log).
[[0;32m  OK  [0m] Listening on Journal Socket (/dev/log).
[ 13.057591] systemd[1]: Started Trigger resolvconf update for networkd DNS.
[[0;32m  OK  [0m] Started Trigger resolvconf update for networkd DNS.
[   13.111810] sytemd[1]: Reached trgt crpted Volumes.
[[0;32m  OK  [0m] Reached target Encrypted Volumes.
[  168824] std[1]: Listening on udev Kernel Socket.

[[0;32m  OK  [0m] Listening on udev Kernel Socket.
[   13.936737] systemd[1] Listening on LVM2 metadata daemon socket.

[[0;32m  OK  [0m] Listening on LVM2 metadata daemon socket.
[   13.986998] systemd[1]: Reached target User and Group Name Lookups.
[[0;32m  OK  [0m] Reached target User and Group Name Lookups.
[   13.990180] systemd[1]: Listening on LVM2 poll daemon socket.
[[0;32m  OK  [0m] Listening on LVM2 poll daemon socket.
[   13.993090] systemd[1]: Listening on /dev/initctl Compatibility Named Pipe.
[[0;32m  OK  [0m] Listening on /dev/initctl Compatibility Named Pipe.
[   14.012413] systed[]:isni on Journal Socket.

[[0;32m  OK  [0m] Listening on Journal Socket.
[  14.945] systemd[1]: Created slice User and Session Slice.

[[0;32m  OK  [0m] Created slice User and Session Slice.
[   14.444598] systemd[1]: Listening on Syslog Socket.
[[0;32m  OK  [0m] Listening on Syslog Socket.
[   14.469340] syte[1: Reached target Swap.

[[0;32m  OK  [0m] Reached target Swap.
[   14.578319] systemd[1]: Listening on udev Control Socket.
[[0;32m  OK  [0m] Listening on udev Control Socket.
[   14.626563] systemd[1]: Created slice System Slice.
[[0;32m  OK  [0m] Created slice System Slice.
[   14.664299] systemd[1]: Starting Nameserver information manager...
         Starting Nameserver information manager...
[   14.680096] systemd[1]: Reached target Slices.
[[0;32m  OK  [0m] Reached target Slices.
[   14.788416] systemd[1]: Starting Remount Root and Kernel File Systems...
[   14.793986] EXT4-fs (sda1): re-mounted. Opts: (null)
         Starting Remount Root and Kernel File Systems...
[   14.920338] systemd[1]: Starting Create list of required static device nodes for the current kernel...
         Starting Create list of required st... nodes for the current kernel...
[   14.972864] systemd[1]: Starting Load Kernel Modules...
[   14.992346] Loading iSCSI transport class v2.0870.

         Starting Load Kernel Modules...
[   15.044709] systemd[1]: Mounting POSIX Message Queue File System...
         Mounting POSIX Message [   15.058329] iscsi: registered transport (tcp)
Queue File System...
[   15.101786] systemd[1]: Starting Uncomplicated firewall...
         Starting Uncomplicated firewall...
[   15.113830] systemd[1]: Mounting Huge Pages File System...
         Mounting Huge Pages File System...
[   15.148529] systemd[1]: Starting Set console keymap...
[   15.16799 random: nnblocking pool is initialized

         Starting Set console keymap...
[   15.255311] systemd[1]: Reached target System Time Synchronized.
[   15.258734] iscsi: registered transport (iser)
[[0;32m  OK  [0m] Reached target System Time Synchronized.
[   15.284669] systemd[1]: Starting Journal Service...
         Starting Journal Service...
[   15.331665] systemd[1]: Created slice system-serial\x2dgetty.slice.
[[0;32m  OK  [0m] Created slice system-serial\x2dgetty.slice.
[   15.405542] systemd[1]: Listening on Device-mapper event daemon FIFOs.
[[0;32m  OK  [0m] Listening on Device-mapper event daemon FIFOs.
[   15.564533] systemd[1]: Starting Monitoring of LVM2 mirrors, snapshots etc. using dmeventd or progress polling...
         Starting Monitoring of LVM2 mirrors... dmeventd or progress polling...
[   15.618439] systemd[1]: Mounting Debug File System...
         Mounting Debug File System...
[   15.745353] systemd[1]: Mounted Debug File System.
[[0;32m  OK  [0m] Mounted Debug File System.
[   15.868426] systemd[1]: Mounted Huge Pages File System.
[[0;32m  OK  [0m] Mounted Huge Pages File System.
[   15.948661] systemd[1]: Mounted POSIX Message Queue File System.
[[0;32m  OK  [0m] Mounted POSIX Message Queue File System.
[   16.040224] systemd[1]: Started Journal Service.
[[0;32m  OK  [0m] Started Journal Service.
[[0;32m  OK  [0m] Started Remount Root and Kernel File Systems.
[[0;32m  OK  [0m] Started Create list of required sta...ce nodes for the current kernel.
[[0;32m  OK  [0m] Started Load Kernel Modules.
[[0;32m  OK  [0m] Started Uncomplicated firewall.
[[0;32m  OK  [0m] Started Set console keymap.
[[0;32m  OK  [0m] Started Nameserver information manager.
[[0;32m  OK  [0m] Started LVM2 metadata daemon.
         Starting Apply Kernel Variables...
         Mounting FUSE Control File System...
         Starting Create Static Device Nodes in /dev...
         Starting udev Coldplug all Devices...
         Starting Load/Save Random Seed...
         Starting Flush Journal to Persistent Storage...
[[0;32m  OK  [0m] Mounted FUSE Control File System.
[[0;32m  OK  [0m] Started Apply Kernel Variables.
[[0;32m  OK  [0m] Started Create Static Device Nodes in /dev.
[[0;32m  OK  [0m] Started Load/Save Random Seed.
[[0;32m  OK  [0m] Started udev Coldplug all Devices.
[[0;32m  OK  [0m] Started Flush Journal to Persistent Storage.
         Starting udev Kernel Device Manager...
[[0;32m  OK  [0m] Started udev Kernel Device Manager.
[[0;32m  OK  [0m] Started Dispatch Password Requests to Console Directory Watch.
[[0;32m  OK  [0m] Started Monitoring of LVM2 mirrors,...ng dmeventd or progress polling.
[[0;32m  OK  [0m] Reached target Local File Systems (Pre).
[[0;32m  OK  [0m] Reached target Local File Systems.
         Starting Initial cloud-init job (pre-networking)...
         Starting Set console font and keymap...
         Starting Create Volatile Files and Directories...
         Starting LSB: AppArmor initialization...
         Starting Tell Plymouth To Write Out Runtime Data...
[[0;32m  OK  [0m] Started Create Volatile Files and Directories.
[[0;32m  OK  [0m] Started Tell Plymouth To Write Out Runtime Data.
[[0;32m  OK  [0m] Found device /dev/ttyS0.
[[0;32m  OK  [0m] Started LSB: AppArmor initialization.
[[0;32m  OK  [0m] Listening on Load/Save RF Kill Switch Status /dev/rfkill Watch.
         Starting Update UTMP about System Boot/Shutdown...
[[0;32m  OK  [0m] Found device 82540EM Gigabit Ethern...r (PRO/1000 MT Desktop Adapter).
[[0;32m  OK  [0m] Started Update UTMP about System Boot/Shutdown.
[[0;32m  OK  [0m] Started Set console font and keymap.
[[0;32m  OK  [0m] Created slice system-getty.slice.
[   14.841894] cloud-init[494]: Cloud-init v. 18.4-0ubuntu1~16.04.2 running 'init-local' at Wed, 21 Nov 2018 22:33:18 +0000. Up 14.50 seconds.
[[0;32m  OK  [0m] Started Initial cloud-init job (pre-networking).
[[0;32m  OK  [0m] Reached target Network (Pre).
[[0;32m  OK  [0m] Started ifup for enp0s3.
         Starting Raise network interfaces...
[[0;32m  OK  [0m] Started Raise network interfaces.
         Starting Initial cloud-init job (metadata service crawler)...
[[0;32m  OK  [0m] Reached target Network.
[   15.983839] cloud-init[960]: Cloud-init v. 18.4-0ubuntu1~16.04.2 running 'init' at Wed, 21 Nov 2018 22:33:19 +0000. Up 15.59 seconds.
[   16.014112] cloud-init[960]: ci-info: ++++++++++++++++++++++++++++++++++++++Net device info++++++++++++++++++++++++++++++++++++++
[   16.021296] cloud-init[960]: ci-info: +--------+------+----------------------------+---------------+--------+-------------------+
[[0;32m  OK  [0m] Started Initial cloud-init job (metadata service crawler).
[[0;32m  OK  [0m] Reached target Network is Online.
[   16.147220] cloud-init[960]: ci-info: | Device |  Up  |          Address           |      Mask     | Scope  |     Hw-Address    |
[   16.520736]          cloud-initStarting iSCSI initiator daemon (iscsid)...[960]: 
ci-info: +--------+------+----------------------------+---------------+--------+-------------------+
[   16.706555] [[0;32m  OK  [0m] Reached target Cloud-config availability.
[[0;32m  OK  [0m] Reached target System Initialization.
cloud-init[960]: ci-info: | enp0s3 | True |         10.0.2.15          | 255.255.255.0 | global | 02:46:93:03:7f:ca |
[   16.741758] [[0;32m  OK  [0m] Started Daily Cleanup of Temporary Directories.
cloud-init[960]:          Starting LXD - unix socket.
[[0;32m  OK  [0m] Listening on D-Bus System Message Bus Socket.
[[0;32m  OK  [0m] Listening on UUID daemon activation socket.
[[0;32m  OK  [0m] Listening on ACPID Listen Socket.
ci-info: | enp0s3 | True | fe80::46:93ff:fe03:7fca/64 |       .       |  link  | 02:46:93:03:7f:ca |
[   16.764446] [[0;32m  OK  [0m] Started Daily apt download activities.
[[0;32m  OK  [0m] Started Daily apt upgrade and clean activities.
[[0;32m  OK  [0m] Reached target Timers.
         Starting Socket activation for snappy daemon.
cloud-init[960]: ci-info: |   lo   | True |         127.0.0.1          |   255.0.0.0   |  host  |         .         |[
[0;32m  OK  [0m] Started ACPI Events Check.
[   16.789833] [[0;32m  OK  [0m] Reached target Paths.
cloud-init[960]: ci-info: |   lo   | True |          ::1/128           |       .       |  host  |         .         |
[   16.793825] cloud-init[960]: ci-info: +--------+------+----------------------------+---------------+--------+-------------------+
[   16.796412] cloud-init[960]: ci-info: +++++++++++++++++++++++++++Route IPv4 info++++++++++++++++++++++++++++
[   16.798720] cloud-init[960]: ci-info: +-------+-------------+----------+---------------+-----------+-------+
[   16.801054] cloud-init[960]: ci-info: | Route | Destination | Gateway  |    Genmask    | Interface | Flags |
[   16.803345] cloud-init[960]: ci-info: +-------+-------------+----------+---------------+-----------+-------+
[   16.805808] cloud-init[960]: ci-info: |   0   |   0.0.0.0   | 10.0.2.2 |    0.0.0.0    |   enp0s3  |   UG  |
[   16.808257] [[0;32m  OK  [0m] Listening on LXD - unix socket.
[[0;32m  OK  [0m] Listening on Socket activation for snappy daemon.
cloud-init[960]: ci-info: |   1   |   10.0.2.0  | 0.0.0.0  | 255.255.255.0 |   enp0s3  |   U   |
[   16.812488] cloud-init[960]: ci-info: +-------+-------------+----------+---------------+-----------+-------+
[   16.843580] cloud-init[960]: ci-info: +++++++++++++++++++Route IPv6 info+++++++++++++++++++
[[0;32m  OK  [0m] Reached target Sockets.
[   16.846232] [[0;32m  OK  [0m] Reached target Basic System.
cloud-init[960]: ci-info: +-------+-------------+---------+-----------+-------+
[   16.849650] cloud-init[960]: ci-info: | Route | Destination | Gateway | Interface | Flags |
[   16.888483]          cloud-initStarting Login Service...[960]: 
ci-info: +-------+-------------+---------+-----------+-------+
[   16.921325]          cloud-initStarting LSB: MD monitoring daemon...[960]: 
ci-info: |   0   |  fe80::/64  |    ::   |   enp0s3  |   U   |
[   16.934587]          Starting LXD - container startup/shutdown...
cloud-init[960]: ci-info: |   3   |   ff00::/8  |    ::   |   enp0s3  |   U   |
[   16.946503]          Starting OpenBSD Secure Shell server...
cloud-init[960]: ci-info: +-------+-------------+---------+-----------+-------+
[[0;32m  OK  [0m] Started FUSE filesystem for LXC.
         Starting Snappy daemon...
         Starting /etc/rc.local Compatibility...
[[0;32m  OK  [0m] Started Deferred execution scheduler.
         Starting System Logging Service...
         Starting Virtualbox guest utils...
[[0;32m  OK  [0m] Started ACPI event daemon.
[[0;32m  OK  [0m] Started Regular background program processing daemon.
[[0;32m  OK  [0m] Started Unattended Upgrades Shutdown.
[[0;32m  OK  [0m] Started D-Bus System Message Bus.
         Starting LSB: Record successful boot for GRUB...
         Starting Accounts Service...
[[0;32m  OK  [0m] Started System Logging Service.
[[0;32m  OK  [0m] Started iSCSI initiator daemon (iscsid).
[[0;32m  OK  [0m] Started LXD - container startup/shutdown.
[[0;32m  OK  [0m] Started /etc/rc.local Compatibility.
[[0;32m  OK  [0m] Started OpenBSD Secure Shell server.
[[0;32m  OK  [0m] Started Snappy daemon.
[[0;32m  OK  [0m] Started LSB: MD monitoring daemon.
[[0;32m  OK  [0m] Started Login Service.
[[0;32m  OK  [0m] Started LSB: Record successful boot for GRUB.
[[0;32m  OK  [0m] Started Virtualbox guest utils.
         Starting Authenticate and Authorize Users to Run Privileged Tasks...
         Starting Wait until snapd is fully seeded...
         Starting Login to default iSCSI targets...
[[0;32m  OK  [0m] Started Wait until snapd is fully seeded.
[[0;32m  OK  [0m] Started Authenticate and Authorize Users to Run Privileged Tasks.
[[0;32m  OK  [0m] Started Accounts Service.
         Starting Apply the settings specified in cloud-config...
[[0;32m  OK  [0m] Started Login to default iSCSI targets.
[[0;32m  OK  [0m] Reached target Remote File Systems (Pre).
[[0;32m  OK  [0m] Reached target Remote File Systems.
         Starting Permit User Sessions...
         Starting LSB: Set the CPU Frequency Scaling governor to "ondemand"...
         Starting LSB: daemon to balance interrupts for SMP systems...
         Starting LSB: automatic crash report generation...
[[0;32m  OK  [0m] Started Permit User Sessions.
[[0;32m  OK  [0m] Started LSB: Set the CPU Frequency Scaling governor to "ondemand".
         Starting Hold until boot process finishes up...
         Starting Terminate Plymouth Boot Screen...
[[0;32m  OK  [0m] Started LSB: daemon to balance interrupts for SMP systems.
[[0;32m  OK  [0m] Started Hold until boot process finishes up.
[[0;32m  OK  [0m] Started Terminate Plymouth Boot Screen.
[[0;32m  OK  [0m] Started Getty on tty1.
         Starting Set console scheme...
[[0;32m  OK  [0m] Started Serial Getty on ttyS0.
[[0;32m  OK  [0m[   19.546878] cloud-init[1138]: Cloud-init v. 18.4-0ubuntu1~16.04.2 running 'modules:config' at Wed, 21 Nov 2018 22:33:23 +0000. Up 19.39 seconds.
] Reached target Login Prompts.
[[0;32m  OK  [0m] Started LSB: automatic crash report generation.
[[0;32m  OK  [0m] Started Set console scheme.
[[0;32m  OK  [0m] Reached target Multi-User System.
[[0;32m  OK  [0m] Reached target Graphical Interface.
         Starting Update UTMP about System Runlevel Changes...
[[0;32m  OK  [0m] Started Apply the settings specified in cloud-config.
[[0;32m  OK  [0m] Started Update UTMP about System Runlevel Changes.
         Starting Execute cloud user/final scripts...
[   20.214041] cloud-init[1209]: Cloud-init v. 18.4-0ubuntu1~16.04.2 running 'modules:final' at Wed, 21 Nov 2018 22:33:24 +0000. Up 20.04 seconds.
[[0;32m  OK  [0m] Started Execute cloud user/final scripts.
[   20.310980] cloud-init[1209]: Cloud-init v. 18.4-0ubuntu1~16.04.2 finished at Wed, 21 Nov 2018 22:33:24 +0000. Datasource DataSourceNoCloud [seed=/dev/sdb][dsmode=net].  Up 20.20 seconds
         Starting Daily apt download activities...
[[0;32m  OK  [0m] Reached target Cloud-init target.
[[0;32m  OK  [0m] Created slice User Slice of vagrant.
         Starting User Manager for UID 1000...
[[0;32m  OK  [0m] Started User Manager for UID 1000.
[[0;32m  OK  [0m] Started Session 1 of user vagrant.

Ubuntu 16.04.5 LTS ubuntu-xenial ttyS0

ubuntu-xenial login: [[0;32m  OK  [0m] Started ACPI event daemon.
[[0;32m  OK  [0m] Started ACPI event daemon.
[[0;32m  OK  [0m] Started ACPI event daemon.
[  OK  ] Started ACPI event daemon.
[  OK  ] Started Trigger resolvconf update for networkd DNS.
[  OK  ] Started ACPI event daemon.
[  OK  ] Started ACPI event daemon.
         Stopping udev Kernel Device Manager...
[  OK  ] Stopped udev Kernel Device Manager.
[  OK  ] Started ACPI event daemon.
[  OK  ] Started ACPI event daemon.
[  OK  ] Stopped udev Kernel Device Manager.
         Starting udev Kernel Device Manager...
[  OK  ] Started udev Kernel Device Manager.
[  OK  ] Started ACPI event daemon.
[  OK  ] Started Daily apt upgrade and clean activities.
